// Jest Snapshot v1, https://goo.gl/fbAQLP

exports[`<PostCard /> should match snapshot 1`] = `
<div
  class="post"
>
  <img
    alt="title ex1"
    src="img/img.jpeg"
  />
  <div
    class="post-content"
  >
    <h2>
      1
       
      title ex1
    </h2>
    <p>
      body ex1
    </p>
  </div>
</div>
`;
